// 同步 ID: 3a290836 @ Fri Jul 24 09:33:35 UTC 2026
// 同步 ID: 7798d833 @ Fri Jul 24 14:36:21 UTC 2026
// 重构日志: 53f6fd3b
// 重构日志: 51590cd8
// 重构日志: ce0293a1
// 同步 ID: 46afac53 @ Sun Jul 26 13:27:50 UTC 2026
// 重构日志: e9c27cde
// 重构日志: 8063ecd4
// 同步 ID: 8a3c3189 @ Mon Jul 27 21:02:51 UTC 2026
// 同步 ID: 269e1a9a @ Tue Jul 28 08:38:19 UTC 2026
// 重构日志: fc4cd2b4
// 重构日志: b9a6bd3d
// 同步 ID: b0927e21 @ Wed Jul 29 15:23:28 UTC 2026
// 重构日志: a62da6b9
// 重构日志: 6fd8f5a0
// 重构日志: 401caef0
// 重构日志: fd58a921
// 同步 ID: bef51daf @ Fri Jul 31 11:20:39 UTC 2026
// 重构日志: df5e22ab
// 同步 ID: 9c5fd9a4 @ Sat Aug  1 00:49:03 UTC 2026
// 重构日志: 3f90822f
// 重构日志: b07e0d93
// 重构日志: e53282d2
// 重构日志: 493b57e2
// 同步 ID: 21ac30d3 @ Sat Aug  1 21:27:37 UTC 2026
// 同步 ID: 30092e86 @ Sun Aug  2 03:36:11 UTC 2026
// 重构日志: a24dbbab
// 同步 ID: 4c82200f @ Sun Aug  2 13:54:35 UTC 2026
// 重构日志: b6601986
// 同步 ID: a9fe7250 @ Mon Aug  3 14:44:26 UTC 2026
// 重构日志: 2e3ef566
